============================= test session starts ==============================
platform linux -- Python 3.12.13, pytest-8.4.2, pluggy-1.6.0
rootdir: /app/backend
configfile: pyproject.toml
testpaths: tests
plugins: mock-3.15.1, cov-7.1.0, asyncio-1.4.0, respx-0.23.1, hypothesis-6.155.7, anyio-4.14.0
asyncio: mode=Mode.AUTO, debug=False, asyncio_default_fixture_loop_scope=None, asyncio_default_test_loop_scope=function
collected 6717 items / 56 deselected / 1 skipped / 6661 selected

tests/integration/test_e1_s1_t7_e2e_evolution.py .............           [  0%]
tests/integration/test_llm_output_scrub.py ..............                [  0%]
tests/integration/test_opencode_go_no_pii.py ........                    [  0%]
tests/integration/test_telegram_1000.py ...                              [  0%]
tests/smoke/test_evolution_5x.py .....                                   [  0%]
tests/smoke/test_ripd.py ..                                              [  0%]
tests/test_a18_updated_at.py .......ssss......                           [  0%]
tests/test_a19_soft_delete.py ..............................             [  1%]
tests/test_admin_pool_a15_endpoint.py ....                               [  1%]
tests/test_agendamento.py .................                              [  1%]
tests/test_agendamento_api.py ...                                        [  1%]
tests/test_agendamento_b04.py ......................                     [  2%]
tests/test_agendamento_cache.py ....................................     [  2%]
tests/test_agendamento_metrics.py .......                                [  2%]
tests/test_agendamentos_webhook_v7.py .....                              [  2%]
tests/test_agent_health.py .....                                         [  2%]
tests/test_agent_health_endpoint.py .....                                [  2%]
tests/test_agent_hermes_api.py ....                                      [  3%]
tests/test_agent_security_g9.py ..............                           [  3%]
tests/test_ai_data_extractor_llm.py .............                        [  3%]
tests/test_alembic_setup.py ....ss                                       [  3%]
tests/test_alert_to_telegram_g8.py ......................                [  3%]
tests/test_antigravity.py ..............                                 [  4%]
tests/test_api.py .............                                          [  4%]
tests/test_api_emolumento_real.py ......                                 [  4%]
tests/test_api_painel.py ..........                                      [  4%]
tests/test_architecture_coupling.py ..........                           [  4%]
tests/test_atendimento_cache.py .................                        [  4%]
tests/test_atendimentos_api.py .                                         [  4%]
tests/test_audit.py ......                                               [  4%]
tests/test_audit_a01_coverage.py ..........................              [  5%]
tests/test_audit_api.py ..                                               [  5%]
tests/test_audit_canonicalization_matrix_e2.py .........                 [  5%]
tests/test_audit_context.py ......                                       [  5%]
tests/test_audit_create_regression.py ..                                 [  5%]
tests/test_audit_graph_evidence_v2.py ..                                 [  5%]
tests/test_audit_helper_unit.py .........                                [  5%]
tests/test_audit_integrity_g8.py ............                            [  6%]
tests/test_audit_keys_g8.py ..................                           [  6%]
tests/test_audit_log_post.py ................                            [  6%]
tests/test_audit_log_retention_guard.py ...                              [  6%]
tests/test_audit_middleware_coverage.py .........                        [  6%]
tests/test_audit_mutation_killers_g6.py ......................           [  7%]
tests/test_audit_mutmut_killers_g6.py ................                   [  7%]
tests/test_audit_query.py ................                               [  7%]
tests/test_audit_regression_v22_t024_t025.py ...                         [  7%]
tests/test_audit_trigger_canonical_p0.py ..................              [  7%]
tests/test_auth_jwt.py .....................                             [  8%]
tests/test_auth_login.py ...............                                 [  8%]
tests/test_b0_3_sec_auth.py ...............                              [  8%]
tests/test_backup_v2.py ..............                                   [  8%]
tests/test_bot_lgpd_completion.py ...                                    [  8%]
tests/test_bot_lgpd_routes.py .................                          [  9%]
tests/test_bot_mute_g8.py ........                                       [  9%]
tests/test_brain8_cross_session.py .................                     [  9%]
tests/test_brain_agent_trace.py ............                             [  9%]
tests/test_brain_api.py ....                                             [  9%]
tests/test_brain_api_boost.py ................                           [  9%]
tests/test_brain_compact.py ..........                                   [ 10%]
tests/test_brain_corpus_ingest.py .......FF                              [ 10%]
tests/test_brain_corpus_stage_zip.py ..........                          [ 10%]
tests/test_brain_endpoints_t091b.py .............                        [ 10%]
tests/test_brain_memory.py ..........                                    [ 10%]
tests/test_brain_read_json.py .....                                      [ 10%]
tests/test_brain_sync.py .........                                       [ 10%]
tests/test_cache_lgpd.py .......                                         [ 11%]
tests/test_cache_lgpd_redis.py ..............                            [ 11%]
tests/test_cache_warming_a22.py .....                                    [ 11%]
tests/test_capture_command_evidence.py ..                                [ 11%]
tests/test_cartorio_agent.py ....................                        [ 11%]
tests/test_cartorio_agent_g9.py .......................                  [ 12%]
tests/test_cartorio_agent_public_profile.py ....                         [ 12%]
tests/test_cartorio_os_multichannel.py ......                            [ 12%]
tests/test_cd_workflow_g8.py .........                                   [ 12%]
tests/test_chaos_resilience.py ......                                    [ 12%]
tests/test_chat_pipeline.py .......................................      [ 12%]
tests/test_chatwoot_canned_responses.py ......................           [ 13%]
tests/test_chatwoot_canned_v3.py ........                                [ 13%]
tests/test_chatwoot_endpoints_v6.py .......                              [ 13%]
tests/test_chatwoot_handoff.py .....                                     [ 13%]
tests/test_chatwoot_handoff_macros.py ..........................         [ 13%]
tests/test_chatwoot_lgpd_erasure_g8.py ..........                        [ 14%]
tests/test_chatwoot_sync_v6.py ......                                    [ 14%]
tests/test_chatwoot_webhook_g8.py ..........                             [ 14%]
tests/test_check_no_literal_keys_compose_g8.py ......................... [ 14%]
.                                                                        [ 14%]
tests/test_check_no_literal_keys_g8.py ................................. [ 15%]
......................                                                   [ 15%]
tests/test_ci_config_g8.py .....                                         [ 15%]
tests/test_circuit_breaker_v5.py .........                               [ 15%]
tests/test_cliente_api.py ...                                            [ 15%]
tests/test_cliente_get_endpoint.py ........                              [ 15%]
tests/test_cliente_historico.py .........                                [ 16%]
tests/test_cnj_canary_g9.py ............                                 [ 16%]
tests/test_cnj_export.py ......F....                                     [ 16%]
tests/test_cnj_export_api.py ........