# ============================================================================
# check_no_literal_keys.py — Baseline (LGPD Art. 46 FP whitelist)
# ============================================================================
# Lista de fingerprints conhecidos (False Positives ou burned keys).
# Formato: <path>:<lineno>:<rule>
#
# COMO ADICIONAR:
#   echo "backend/scripts/foo.py:42:PROVIDER_LITERAL_GENERIC" >> this_file
#
# LGPD Art. 46 (lei 13.709/2018): zero secrets em logs / env vars / storage.
# Chaves aqui marcadas foram QUEIMADAS (vazadas em chat) e NAO devem ser
# usadas em prod — manter referencia apenas como evidencia historica.
#
# Baseline Wave 48 (G8.14.T3):
#   - 3 chaves queimadas em `integracoes_devops.py` (Sprint 3, 2026-06-24)
#   - 1 placeholder em `.env.example` (LITELLM_DEACTIVATED)
#
# REGRA: cada entrada DEVE ter comentario `# <motivo>` na linha anterior.
# ============================================================================

# Sprint 3 Goal #3 (2026-06-24): Linear API key queimada em chat.
backend/scripts/integracoes_devops.py:32:PROVIDER_LITERAL_GENERIC

# Sprint 3 Goal #3 (2026-06-24): Render API key queimada em chat.
backend/scripts/integracoes_devops.py:40:PROVIDER_LITERAL_GENERIC

# Sprint 3 Goal #3 (2026-06-24): Jules (Google) API token queimado em chat.
backend/scripts/integracoes_devops.py:47:PROVIDER_LITERAL_GENERIC

# Sprint 3 Goal #3 (2026-06-24): ENV_FALLBACK multi-line para os.environ.get acima.
backend/scripts/integracoes_devops.py:30:ENV_FALLBACK

# Sprint 3 Goal #3 (2026-06-24): ENV_FALLBACK multi-line para os.environ.get acima (Render).
backend/scripts/integracoes_devops.py:38:ENV_FALLBACK

# Sprint 3 Goal #3 (2026-06-24): ENV_FALLBACK multi-line para os.environ.get acima (Jules).
backend/scripts/integracoes_devops.py:45:ENV_FALLBACK

# Hash de integridade público da Portaria CGJ/TJMG 8.664/2025; não é credencial.
backend/app/services/emolumento_real_djalma.py:25:WEBHOOK_SECRET_HEX64
backend/app/services/tjmg_ocr_loader.py:41:WEBHOOK_SECRET_HEX64
backend/app/services/tjmg_ocr_loader.py:42:WEBHOOK_SECRET_HEX64
